30-Apr-2026 09:56:52.767 INFO [main] org.apache.catalina.startup.VersionLoggerListener.log Server version name:   Apache Tomcat/10.1.30
30-Apr-2026 09:56:52.774 INFO [main] org.apache.catalina.startup.VersionLoggerListener.log Server built:          Sep 13 2024 20:26:16 UTC
30-Apr-2026 09:56:52.774 INFO [main] org.apache.catalina.startup.VersionLoggerListener.log Server version number: 10.1.30.0
30-Apr-2026 09:56:52.776 INFO [main] org.apache.catalina.startup.VersionLoggerListener.log OS Name:               Windows 11
30-Apr-2026 09:56:52.776 INFO [main] org.apache.catalina.startup.VersionLoggerListener.log OS Version:            10.0
30-Apr-2026 09:56:52.777 INFO [main] org.apache.catalina.startup.VersionLoggerListener.log Architecture:          amd64
30-Apr-2026 09:56:52.777 INFO [main] org.apache.catalina.startup.VersionLoggerListener.log Java Home:             C:\Program Files\Java\jdk-17.0.18
30-Apr-2026 09:56:52.777 INFO [main] org.apache.catalina.startup.VersionLoggerListener.log JVM Version:           17.0.18+8-LTS-264
30-Apr-2026 09:56:52.778 INFO [main] org.apache.catalina.startup.VersionLoggerListener.log JVM Vendor:            Oracle Corporation
30-Apr-2026 09:56:52.778 INFO [main] org.apache.catalina.startup.VersionLoggerListener.log CATALINA_BASE:         C:\Users\ayush\OneDrive\Desktop\student.java\apache-tomcat-10.1.30
30-Apr-2026 09:56:52.778 INFO [main] org.apache.catalina.startup.VersionLoggerListener.log CATALINA_HOME:         C:\Users\ayush\OneDrive\Desktop\student.java\apache-tomcat-10.1.30
30-Apr-2026 09:56:52.788 INFO [main] org.apache.catalina.startup.VersionLoggerListener.log Command line argument: -Djava.util.logging.config.file=C:\Users\ayush\OneDrive\Desktop\student.java\apache-tomcat-10.1.30\conf\logging.properties
30-Apr-2026 09:56:52.788 INFO [main] org.apache.catalina.startup.VersionLoggerListener.log Command line argument: -Djava.util.logging.manager=org.apache.juli.ClassLoaderLogManager
30-Apr-2026 09:56:52.790 INFO [main] org.apache.catalina.startup.VersionLoggerListener.log Command line argument: -Djdk.tls.ephemeralDHKeySize=2048
30-Apr-2026 09:56:52.790 INFO [main] org.apache.catalina.startup.VersionLoggerListener.log Command line argument: -Djava.protocol.handler.pkgs=org.apache.catalina.webresources
30-Apr-2026 09:56:52.790 INFO [main] org.apache.catalina.startup.VersionLoggerListener.log Command line argument: --add-opens=java.base/java.lang=ALL-UNNAMED
30-Apr-2026 09:56:52.790 INFO [main] org.apache.catalina.startup.VersionLoggerListener.log Command line argument: --add-opens=java.base/java.io=ALL-UNNAMED
30-Apr-2026 09:56:52.790 INFO [main] org.apache.catalina.startup.VersionLoggerListener.log Command line argument: --add-opens=java.base/java.util=ALL-UNNAMED
30-Apr-2026 09:56:52.790 INFO [main] org.apache.catalina.startup.VersionLoggerListener.log Command line argument: --add-opens=java.base/java.util.concurrent=ALL-UNNAMED
30-Apr-2026 09:56:52.790 INFO [main] org.apache.catalina.startup.VersionLoggerListener.log Command line argument: --add-opens=java.rmi/sun.rmi.transport=ALL-UNNAMED
30-Apr-2026 09:56:52.790 INFO [main] org.apache.catalina.startup.VersionLoggerListener.log Command line argument: -Dcatalina.base=C:\Users\ayush\OneDrive\Desktop\student.java\apache-tomcat-10.1.30
30-Apr-2026 09:56:52.790 INFO [main] org.apache.catalina.startup.VersionLoggerListener.log Command line argument: -Dcatalina.home=C:\Users\ayush\OneDrive\Desktop\student.java\apache-tomcat-10.1.30
30-Apr-2026 09:56:52.792 INFO [main] org.apache.catalina.startup.VersionLoggerListener.log Command line argument: -Djava.io.tmpdir=C:\Users\ayush\OneDrive\Desktop\student.java\apache-tomcat-10.1.30\temp
30-Apr-2026 09:56:52.796 INFO [main] org.apache.catalina.core.AprLifecycleListener.lifecycleEvent Loaded Apache Tomcat Native library [2.0.8] using APR version [1.7.4].
30-Apr-2026 09:56:52.812 INFO [main] org.apache.catalina.core.AprLifecycleListener.initializeSSL OpenSSL successfully initialized [OpenSSL 3.0.14 4 Jun 2024]
30-Apr-2026 09:56:53.200 INFO [main] org.apache.coyote.AbstractProtocol.init Initializing ProtocolHandler ["http-nio-8080"]
30-Apr-2026 09:56:53.268 INFO [main] org.apache.catalina.startup.Catalina.load Server initialization in [725] milliseconds
30-Apr-2026 09:56:53.412 INFO [main] org.apache.catalina.core.StandardService.startInternal Starting service [Catalina]
30-Apr-2026 09:56:53.412 INFO [main] org.apache.catalina.core.StandardEngine.startInternal Starting Servlet engine: [Apache Tomcat/10.1.30]
30-Apr-2026 09:56:53.454 INFO [main] org.apache.catalina.startup.HostConfig.deployDirectory Deploying web application directory [C:\Users\ayush\OneDrive\Desktop\student.java\apache-tomcat-10.1.30\webapps\docs]
30-Apr-2026 09:56:54.003 INFO [main] org.apache.catalina.startup.HostConfig.deployDirectory Deployment of web application directory [C:\Users\ayush\OneDrive\Desktop\student.java\apache-tomcat-10.1.30\webapps\docs] has finished in [548] ms
30-Apr-2026 09:56:54.003 INFO [main] org.apache.catalina.startup.HostConfig.deployDirectory Deploying web application directory [C:\Users\ayush\OneDrive\Desktop\student.java\apache-tomcat-10.1.30\webapps\examples]
30-Apr-2026 09:56:54.549 INFO [main] org.apache.catalina.startup.HostConfig.deployDirectory Deployment of web application directory [C:\Users\ayush\OneDrive\Desktop\student.java\apache-tomcat-10.1.30\webapps\examples] has finished in [546] ms
30-Apr-2026 09:56:54.549 INFO [main] org.apache.catalina.startup.HostConfig.deployDirectory Deploying web application directory [C:\Users\ayush\OneDrive\Desktop\student.java\apache-tomcat-10.1.30\webapps\host-manager]
30-Apr-2026 09:56:54.601 INFO [main] org.apache.catalina.startup.HostConfig.deployDirectory Deployment of web application directory [C:\Users\ayush\OneDrive\Desktop\student.java\apache-tomcat-10.1.30\webapps\host-manager] has finished in [52] ms
30-Apr-2026 09:56:54.604 INFO [main] org.apache.catalina.startup.HostConfig.deployDirectory Deploying web application directory [C:\Users\ayush\OneDrive\Desktop\student.java\apache-tomcat-10.1.30\webapps\manager]
30-Apr-2026 09:56:54.651 INFO [main] org.apache.catalina.startup.HostConfig.deployDirectory Deployment of web application directory [C:\Users\ayush\OneDrive\Desktop\student.java\apache-tomcat-10.1.30\webapps\manager] has finished in [50] ms
30-Apr-2026 09:56:54.651 INFO [main] org.apache.catalina.startup.HostConfig.deployDirectory Deploying web application directory [C:\Users\ayush\OneDrive\Desktop\student.java\apache-tomcat-10.1.30\webapps\ROOT]
30-Apr-2026 09:56:54.697 INFO [main] org.apache.catalina.startup.HostConfig.deployDirectory Deployment of web application directory [C:\Users\ayush\OneDrive\Desktop\student.java\apache-tomcat-10.1.30\webapps\ROOT] has finished in [46] ms
30-Apr-2026 09:56:54.697 INFO [main] org.apache.catalina.startup.HostConfig.deployDirectory Deploying web application directory [C:\Users\ayush\OneDrive\Desktop\student.java\apache-tomcat-10.1.30\webapps\student]
30-Apr-2026 09:56:55.216 INFO [main] org.apache.jasper.servlet.TldScanner.scanJars At least one JAR was scanned for TLDs yet contained no TLDs. Enable debug logging for this logger for a complete list of JARs that were scanned but no TLDs were found in them. Skipping unneeded JARs during scanning can improve startup time and JSP compilation time.
30-Apr-2026 09:56:55.239 INFO [main] org.apache.catalina.startup.HostConfig.deployDirectory Deployment of web application directory [C:\Users\ayush\OneDrive\Desktop\student.java\apache-tomcat-10.1.30\webapps\student] has finished in [542] ms
30-Apr-2026 09:56:55.243 INFO [main] org.apache.coyote.AbstractProtocol.start Starting ProtocolHandler ["http-nio-8080"]
30-Apr-2026 09:56:55.281 INFO [main] org.apache.catalina.startup.Catalina.start Server startup in [2012] milliseconds
