10-May-2026 00:05:21.351 INFO [main] org.apache.catalina.core.ApplicationContext.log SessionListener: contextDestroyed()
10-May-2026 00:05:21.351 INFO [main] org.apache.catalina.core.ApplicationContext.log ContextListener: contextDestroyed()
10-May-2026 00:20:19.216 INFO [main] org.apache.catalina.core.ApplicationContext.log ContextListener: contextInitialized()
10-May-2026 00:20:19.216 INFO [main] org.apache.catalina.core.ApplicationContext.log SessionListener: contextInitialized()
10-May-2026 00:20:19.220 INFO [main] org.apache.catalina.core.ApplicationContext.log ContextListener: attributeAdded('StockTicker', 'async.Stockticker@4c6daf0')
10-May-2026 00:29:58.778 INFO [main] org.apache.catalina.core.ApplicationContext.log SessionListener: contextDestroyed()
10-May-2026 00:29:58.779 INFO [main] org.apache.catalina.core.ApplicationContext.log ContextListener: contextDestroyed()
10-May-2026 00:31:39.925 INFO [main] org.apache.catalina.core.ApplicationContext.log ContextListener: contextInitialized()
10-May-2026 00:31:39.926 INFO [main] org.apache.catalina.core.ApplicationContext.log SessionListener: contextInitialized()
10-May-2026 00:31:39.931 INFO [main] org.apache.catalina.core.ApplicationContext.log ContextListener: attributeAdded('StockTicker', 'async.Stockticker@768ccdc5')
10-May-2026 15:56:12.082 INFO [main] org.apache.catalina.core.ApplicationContext.log ContextListener: contextInitialized()
10-May-2026 15:56:12.082 INFO [main] org.apache.catalina.core.ApplicationContext.log SessionListener: contextInitialized()
10-May-2026 15:56:12.083 INFO [main] org.apache.catalina.core.ApplicationContext.log ContextListener: attributeAdded('StockTicker', 'async.Stockticker@768ccdc5')
10-May-2026 15:57:43.791 INFO [main] org.apache.catalina.core.ApplicationContext.log ContextListener: contextInitialized()
10-May-2026 15:57:43.791 INFO [main] org.apache.catalina.core.ApplicationContext.log SessionListener: contextInitialized()
10-May-2026 15:57:43.793 INFO [main] org.apache.catalina.core.ApplicationContext.log ContextListener: attributeAdded('StockTicker', 'async.Stockticker@10650953')
10-May-2026 16:00:28.214 INFO [main] org.apache.catalina.core.ApplicationContext.log ContextListener: contextInitialized()
10-May-2026 16:00:28.214 INFO [main] org.apache.catalina.core.ApplicationContext.log SessionListener: contextInitialized()
10-May-2026 16:00:28.217 INFO [main] org.apache.catalina.core.ApplicationContext.log ContextListener: attributeAdded('StockTicker', 'async.Stockticker@5ef0d29e')
10-May-2026 16:00:28.722 INFO [main] org.apache.catalina.core.ApplicationContext.log SessionListener: contextDestroyed()
10-May-2026 16:00:28.722 INFO [main] org.apache.catalina.core.ApplicationContext.log ContextListener: contextDestroyed()
10-May-2026 16:29:55.131 INFO [main] org.apache.catalina.core.ApplicationContext.log SessionListener: contextDestroyed()
10-May-2026 16:29:55.132 INFO [main] org.apache.catalina.core.ApplicationContext.log ContextListener: contextDestroyed()
10-May-2026 16:51:05.838 INFO [main] org.apache.catalina.core.ApplicationContext.log ContextListener: contextInitialized()
10-May-2026 16:51:05.838 INFO [main] org.apache.catalina.core.ApplicationContext.log SessionListener: contextInitialized()
10-May-2026 16:51:05.841 INFO [main] org.apache.catalina.core.ApplicationContext.log ContextListener: attributeAdded('StockTicker', 'async.Stockticker@10650953')
